// Jest Snapshot v1, https://goo.gl/fbAQLP

exports[`Specs Cluster Store to Ssm Matches Snapshot 1`] = `
{
  "Parameters": {
    "BootstrapVersion": {
      "Default": "/cdk-bootstrap/hnb659fds/version",
      "Description": "Version of the CDK Bootstrap resources in this environment, automatically retrieved from SSM Parameter Store. [cdk:skip]",
      "Type": "AWS::SSM::Parameter::Value<String>",
    },
  },
  "Resources": {
    "AvailabilityZonesSpec9E4B3187": {
      "Properties": {
        "Name": "/prefixed/availabilityZones",
        "Type": "String",
        "Value": "availabilityZones",
      },
      "Type": "AWS::SSM::Parameter",
    },
    "ClusterArnSpec575C9810": {
      "Properties": {
        "Name": "/prefixed/clusterArn",
        "Type": "String",
        "Value": "clusterArn",
      },
      "Type": "AWS::SSM::Parameter",
    },
    "ClusterNameSpecE20605BB": {
      "Properties": {
        "Name": "/prefixed/clusterName",
        "Type": "String",
        "Value": "clusterName",
      },
      "Type": "AWS::SSM::Parameter",
    },
    "NamespaceArnSpec9EB19FED": {
      "Properties": {
        "Name": "/prefixed/namespaceArn",
        "Type": "String",
        "Value": "namespaceArn",
      },
      "Type": "AWS::SSM::Parameter",
    },
    "NamespaceIdSpecBFA4A494": {
      "Properties": {
        "Name": "/prefixed/namespaceId",
        "Type": "String",
        "Value": "namespaceId",
      },
      "Type": "AWS::SSM::Parameter",
    },
    "NamespaceNameSpecB3BB8809": {
      "Properties": {
        "Name": "/prefixed/namespaceName",
        "Type": "String",
        "Value": "namespaceName",
      },
      "Type": "AWS::SSM::Parameter",
    },
    "PrivateDomainSpec895E9A72": {
      "Properties": {
        "Name": "/prefixed/privateDomain",
        "Type": "String",
        "Value": "privateDomain",
      },
      "Type": "AWS::SSM::Parameter",
    },
    "PublicDomainSpecD88DC9DD": {
      "Properties": {
        "Name": "/prefixed/publicDomain",
        "Type": "String",
        "Value": "publicDomain",
      },
      "Type": "AWS::SSM::Parameter",
    },
    "RouterArnSpecA6735D98": {
      "Properties": {
        "Name": "/prefixed/routerArn",
        "Type": "String",
        "Value": "routerArn",
      },
      "Type": "AWS::SSM::Parameter",
    },
    "RouterCertificateArnSpec7CF705EB": {
      "Properties": {
        "Name": "/prefixed/routerCertificateArn",
        "Type": "String",
        "Value": "routerCertificateArn",
      },
      "Type": "AWS::SSM::Parameter",
    },
    "RouterLoadBalancerArnSpec7857920B": {
      "Properties": {
        "Name": "/prefixed/routerLoadBalancerArn",
        "Type": "String",
        "Value": "routerLoadBalancerArn",
      },
      "Type": "AWS::SSM::Parameter",
    },
    "RouterLoadBalancerDnsNameSpec38B41CDB": {
      "Properties": {
        "Name": "/prefixed/routerLoadBalancerDnsName",
        "Type": "String",
        "Value": "routerLoadBalancerDnsName",
      },
      "Type": "AWS::SSM::Parameter",
    },
    "RouterLoadBalancerSecurityGroupIdSpec86735FD5": {
      "Properties": {
        "Name": "/prefixed/routerLoadBalancerSecurityGroupId",
        "Type": "String",
        "Value": "routerLoadBalancerSecurityGroupId",
      },
      "Type": "AWS::SSM::Parameter",
    },
    "RouterRoleArnSpec568B75F8": {
      "Properties": {
        "Name": "/prefixed/routerRoleArn",
        "Type": "String",
        "Value": "routerRoleArn",
      },
      "Type": "AWS::SSM::Parameter",
    },
    "RouterSecurityGroupIdsSpec721726F2": {
      "Properties": {
        "Name": "/prefixed/routerSecurityGroupIds",
        "Type": "String",
        "Value": "routerSecurityGroupIds",
      },
      "Type": "AWS::SSM::Parameter",
    },
    "RouterTaskDefinitionArnSpec129A4FBC": {
      "Properties": {
        "Name": "/prefixed/routerTaskDefinitionArn",
        "Type": "String",
        "Value": "routerTaskDefinitionArn",
      },
      "Type": "AWS::SSM::Parameter",
    },
    "VpcIdSpec0C86AA6B": {
      "Properties": {
        "Name": "/prefixed/vpcId",
        "Type": "String",
        "Value": "vpcId",
      },
      "Type": "AWS::SSM::Parameter",
    },
    "ZoneArnSpec22EE4B29": {
      "Properties": {
        "Name": "/prefixed/zoneArn",
        "Type": "String",
        "Value": "zoneArn",
      },
      "Type": "AWS::SSM::Parameter",
    },
    "ZoneIdSpecB68C855E": {
      "Properties": {
        "Name": "/prefixed/zoneId",
        "Type": "String",
        "Value": "zoneId",
      },
      "Type": "AWS::SSM::Parameter",
    },
    "ZoneNameSpec724EA8E0": {
      "Properties": {
        "Name": "/prefixed/zoneName",
        "Type": "String",
        "Value": "zoneName",
      },
      "Type": "AWS::SSM::Parameter",
    },
  },
  "Rules": {
    "CheckBootstrapVersion": {
      "Assertions": [
        {
          "Assert": {
            "Fn::Not": [
              {
                "Fn::Contains": [
                  [
                    "1",
                    "2",
                    "3",
                    "4",
                    "5",
                  ],
                  {
                    "Ref": "BootstrapVersion",
                  },
                ],
              },
            ],
          },
          "AssertDescription": "CDK bootstrap stack version 6 required. Please run 'cdk bootstrap' with a recent version of the CDK CLI.",
        },
      ],
    },
  },
}
`;
