// Jest Snapshot v1, https://goo.gl/fbAQLP

exports[`Task Specs Task Store to Ssm Matches Snapshot 1`] = `
{
  "Parameters": {
    "BootstrapVersion": {
      "Default": "/cdk-bootstrap/hnb659fds/version",
      "Description": "Version of the CDK Bootstrap resources in this environment, automatically retrieved from SSM Parameter Store. [cdk:skip]",
      "Type": "AWS::SSM::Parameter::Value<String>",
    },
  },
  "Resources": {
    "ArnSpecE033A0CE": {
      "Properties": {
        "Name": "/prefixed/arn",
        "Type": "String",
        "Value": "arn",
      },
      "Type": "AWS::SSM::Parameter",
    },
    "ClusterSpecD8C9F318": {
      "Properties": {
        "Name": "/prefixed/cluster",
        "Type": "String",
        "Value": "cluster",
      },
      "Type": "AWS::SSM::Parameter",
    },
    "IamPrincipalSpec6C2077B5": {
      "Properties": {
        "Name": "/prefixed/iamPrincipal",
        "Type": "String",
        "Value": "iamPrincipal",
      },
      "Type": "AWS::SSM::Parameter",
    },
    "ResourcesSpec1B6B0F2A": {
      "Properties": {
        "Name": "/prefixed/resources",
        "Type": "String",
        "Value": "resources",
      },
      "Type": "AWS::SSM::Parameter",
    },
    "SecurityGroupIdsSpec5B6C3A31": {
      "Properties": {
        "Name": "/prefixed/securityGroupIds",
        "Type": "String",
        "Value": "securityGroupIds",
      },
      "Type": "AWS::SSM::Parameter",
    },
    "TaskSpecB01B854A": {
      "Properties": {
        "Name": "/prefixed/task",
        "Type": "String",
        "Value": "task",
      },
      "Type": "AWS::SSM::Parameter",
    },
  },
  "Rules": {
    "CheckBootstrapVersion": {
      "Assertions": [
        {
          "Assert": {
            "Fn::Not": [
              {
                "Fn::Contains": [
                  [
                    "1",
                    "2",
                    "3",
                    "4",
                    "5",
                  ],
                  {
                    "Ref": "BootstrapVersion",
                  },
                ],
              },
            ],
          },
          "AssertDescription": "CDK bootstrap stack version 6 required. Please run 'cdk bootstrap' with a recent version of the CDK CLI.",
        },
      ],
    },
  },
}
`;
